diff --git a/Manifest.toml b/Manifest.toml
index a054c70..03f2d34 100644
--- a/Manifest.toml
+++ b/Manifest.toml
@@ -2,7 +2,7 @@
 
 julia_version = "1.10.4"
 manifest_format = "2.0"
-project_hash = "2c86f67120c1e57554cde0b77c469a0b91f72c92"
+project_hash = "55817acf42622dfb7d96055a0fca535edc0e4613"
 
 [[deps.AbstractFFTs]]
 deps = ["LinearAlgebra"]
@@ -30,6 +30,11 @@ weakdeps = ["StaticArrays"]
     [deps.Adapt.extensions]
     AdaptStaticArraysExt = "StaticArrays"
 
+[[deps.AdaptivePredicates]]
+git-tree-sha1 = "7d5da5dd472490d048b081ca1bda4a7821b06456"
+uuid = "35492f91-a3bd-45ad-95db-fcad7dcfedb7"
+version = "1.1.1"
+
 [[deps.AliasTables]]
 deps = ["PtrArrays", "Random"]
 git-tree-sha1 = "9876e1e164b144ca45e9e3198d0b689cadfed9ff"
@@ -47,10 +52,10 @@ uuid = "0dad84c5-d112-42e6-8d28-ef12dabb789f"
 version = "1.1.1"
 
 [[deps.ArrayInterface]]
-deps = ["Adapt", "LinearAlgebra", "SparseArrays", "SuiteSparse"]
-git-tree-sha1 = "5c9b74c973181571deb6442d41e5c902e6b9f38e"
+deps = ["Adapt", "LinearAlgebra"]
+git-tree-sha1 = "f54c23a5d304fb87110de62bace7777d59088c34"
 uuid = "4fba245c-0d91-5ea0-9b3e-6abc04ee57a9"
-version = "7.12.0"
+version = "7.15.0"
 
     [deps.ArrayInterface.extensions]
     ArrayInterfaceBandedMatricesExt = "BandedMatrices"
@@ -60,6 +65,7 @@ version = "7.12.0"
     ArrayInterfaceChainRulesExt = "ChainRules"
     ArrayInterfaceGPUArraysCoreExt = "GPUArraysCore"
     ArrayInterfaceReverseDiffExt = "ReverseDiff"
+    ArrayInterfaceSparseArraysExt = "SparseArrays"
     ArrayInterfaceStaticArraysCoreExt = "StaticArraysCore"
     ArrayInterfaceTrackerExt = "Tracker"
 
@@ -71,6 +77,7 @@ version = "7.12.0"
     ChainRules = "082447d4-558c-5d27-93f4-14fc19e9eca2"
     GPUArraysCore = "46192b85-c4d5-4398-a991-12ede77f4527"
     ReverseDiff = "37e2e3b7-166d-5795-8a7a-e32c996b4267"
+    SparseArrays = "2f01184e-e22b-5df5-ae63-d93ebab69eaf"
     StaticArraysCore = "1e83bf80-4336-4d27-bf5d-d5a4f845583c"
     Tracker = "9f7883ad-71c0-57eb-9f7f-b5c9e6d3789c"
 
@@ -110,11 +117,6 @@ version = "0.5.0"
 [[deps.Base64]]
 uuid = "2a0f44e3-6c83-55bd-87e4-b1978d98bd5f"
 
-[[deps.BitFlags]]
-git-tree-sha1 = "0691e34b3bb8be9307330f88d1a3c3f25466c24d"
-uuid = "d1d4a3ce-64b1-5f1a-9ba4-7e7e69966f35"
-version = "0.1.9"
-
 [[deps.Blosc_jll]]
 deps = ["Artifacts", "JLLWrappers", "Libdl", "Lz4_jll", "Zlib_jll", "Zstd_jll"]
 git-tree-sha1 = "19b98ee7e3db3b4eff74c5c9c72bf32144e24f10"
@@ -221,12 +223,6 @@ weakdeps = ["SparseArrays"]
     [deps.ChainRulesCore.extensions]
     ChainRulesCoreSparseArraysExt = "SparseArrays"
 
-[[deps.CodecZlib]]
-deps = ["TranscodingStreams", "Zlib_jll"]
-git-tree-sha1 = "b8fe8546d52ca154ac556809e10c75e6e7430ac8"
-uuid = "944b1d66-785c-5afd-91f1-9de20f533193"
-version = "0.7.5"
-
 [[deps.ColorBrewer]]
 deps = ["Colors", "JSON", "Test"]
 git-tree-sha1 = "61c5334f33d91e570e1d0c3eb5465835242582c4"
@@ -282,12 +278,6 @@ deps = ["Artifacts", "Libdl"]
 uuid = "e66e0078-7015-5450-92f7-15fbd957f2ae"
 version = "1.1.1+0"
 
-[[deps.ConcurrentUtilities]]
-deps = ["Serialization", "Sockets"]
-git-tree-sha1 = "ea32b83ca4fefa1768dc84e504cc0a94fb1ab8d1"
-uuid = "f0e56b4a-5159-44fe-b623-3e5288b988bb"
-version = "2.4.2"
-
 [[deps.Conda]]
 deps = ["Downloads", "JSON", "VersionParsing"]
 git-tree-sha1 = "b19db3927f0db4151cb86d073689f2428e524576"
@@ -348,16 +338,10 @@ deps = ["Printf"]
 uuid = "ade2ca70-3891-5945-98fb-dc099432e06a"
 
 [[deps.DelaunayTriangulation]]
-deps = ["EnumX", "ExactPredicates", "Random"]
-git-tree-sha1 = "078c716cbb032242df18b960e8b1fec6b1b0b9f9"
+deps = ["AdaptivePredicates", "EnumX", "ExactPredicates", "Random"]
+git-tree-sha1 = "1abb6a8541775a0bf82749ac8373a34e9f2f71e0"
 uuid = "927a84f5-c5f4-47a5-9785-b46e178433df"
-version = "1.0.5"
-
-[[deps.DelimitedFiles]]
-deps = ["Mmap"]
-git-tree-sha1 = "9e2f36d3c96a820c678f2f1f1782582fcf685bae"
-uuid = "8bb1440f-4735-579b-a4ab-409b98df4dab"
-version = "1.9.1"
+version = "1.1.1"
 
 [[deps.DiskArrays]]
 deps = ["LRUCache", "OffsetArrays"]
@@ -429,12 +413,6 @@ git-tree-sha1 = "bdb1942cd4c45e3c678fd11569d5cccd80976237"
 uuid = "4e289a0a-7415-4d19-859d-a7e5c4648b56"
 version = "1.0.4"
 
-[[deps.EpollShim_jll]]
-deps = ["Artifacts", "JLLWrappers", "Libdl"]
-git-tree-sha1 = "8e9441ee83492030ace98f9789a654a6d0b1f643"
-uuid = "2702e6a9-849d-5ed8-8c21-79e8b8f9ee43"
-version = "0.0.20230411+0"
-
 [[deps.ErrorfreeArithmetic]]
 git-tree-sha1 = "d6863c556f1142a061532e79f611aa46be201686"
 uuid = "90fa49ef-747e-5e6f-a989-263ba693cf1a"
@@ -446,12 +424,6 @@ git-tree-sha1 = "276e83bc8b21589b79303b9985c321024ffdf59c"
 uuid = "429591f6-91af-11e9-00e2-59fbe8cec110"
 version = "2.2.5"
 
-[[deps.ExceptionUnwrapping]]
-deps = ["Test"]
-git-tree-sha1 = "dcb08a0d93ec0b1cdc4af184b26b591e9695423a"
-uuid = "460bff9d-24e4-43bc-9d9f-a8973cb893f4"
-version = "0.1.10"
-
 [[deps.Expat_jll]]
 deps = ["Artifacts", "JLLWrappers", "Libdl"]
 git-tree-sha1 = "1c6317308b9dc757616f0b5cb379db10494443a7"
@@ -468,17 +440,11 @@ git-tree-sha1 = "94997910aca72897524d2237c41eb852153b0f65"
 uuid = "411431e0-e8b7-467b-b5e0-f676ba4f2910"
 version = "0.1.3"
 
-[[deps.FFMPEG]]
-deps = ["FFMPEG_jll"]
-git-tree-sha1 = "b57e3acbe22f8484b4b5ff66a7499717fe1a9cc8"
-uuid = "c87230d0-a227-11e9-1b43-d7ebe4e7570a"
-version = "0.4.1"
-
 [[deps.FFMPEG_jll]]
 deps = ["Artifacts", "Bzip2_jll", "FreeType2_jll", "FriBidi_jll", "JLLWrappers", "LAME_jll", "Libdl", "Ogg_jll", "OpenSSL_jll", "Opus_jll", "PCRE2_jll", "Zlib_jll", "libaom_jll", "libass_jll", "libfdk_aac_jll", "libvorbis_jll", "x264_jll", "x265_jll"]
-git-tree-sha1 = "466d45dc38e15794ec7d5d63ec03d776a9aff36e"
+git-tree-sha1 = "ab3f7e1819dba9434a3a5126510c8fda3a4e7000"
 uuid = "b22a6f82-2f65-5046-a5b2-351ab43fb4e5"
-version = "4.4.4+1"
+version = "6.1.1+0"
 
 [[deps.FFTW]]
 deps = ["AbstractFFTs", "FFTW_jll", "LinearAlgebra", "MKL_jll", "Preferences", "Reexport"]
@@ -576,12 +542,6 @@ version = "1.0.14+0"
 deps = ["Random"]
 uuid = "9fa8497b-333b-5362-9e8d-4d0656e87820"
 
-[[deps.GLFW_jll]]
-deps = ["Artifacts", "JLLWrappers", "Libdl", "Libglvnd_jll", "Xorg_libXcursor_jll", "Xorg_libXi_jll", "Xorg_libXinerama_jll", "Xorg_libXrandr_jll", "xkbcommon_jll"]
-git-tree-sha1 = "3f74912a156096bd8fdbef211eff66ab446e7297"
-uuid = "0656b61e-2033-5cc2-a64a-77c0f6c09b89"
-version = "3.4.0+0"
-
 [[deps.GMP_jll]]
 deps = ["Artifacts", "Libdl"]
 uuid = "781609d7-10c4-51f6-84f2-b8444358ff6d"
@@ -605,18 +565,6 @@ git-tree-sha1 = "ab29216184312f99ff957b32cd63c2fe9c928b91"
 uuid = "61eb1bfa-7361-4325-ad38-22787b887f55"
 version = "0.26.7"
 
-[[deps.GR]]
-deps = ["Artifacts", "Base64", "DelimitedFiles", "Downloads", "GR_jll", "HTTP", "JSON", "Libdl", "LinearAlgebra", "Preferences", "Printf", "Qt6Wayland_jll", "Random", "Serialization", "Sockets", "TOML", "Tar", "Test", "p7zip_jll"]
-git-tree-sha1 = "629693584cef594c3f6f99e76e7a7ad17e60e8d5"
-uuid = "28b8d3ca-fb5f-59d9-8090-bfdbd6d07a71"
-version = "0.73.7"
-
-[[deps.GR_jll]]
-deps = ["Artifacts", "Bzip2_jll", "Cairo_jll", "FFMPEG_jll", "Fontconfig_jll", "FreeType2_jll", "GLFW_jll", "JLLWrappers", "JpegTurbo_jll", "Libdl", "Libtiff_jll", "Pixman_jll", "Qt6Base_jll", "Zlib_jll", "libpng_jll"]
-git-tree-sha1 = "a8863b69c2a0859f2c2c87ebdc4c6712e88bdf0d"
-uuid = "d2c73de3-f751-5644-a686-071e5b155ba9"
-version = "0.73.7+0"
-
 [[deps.GeoInterface]]
 deps = ["Extents"]
 git-tree-sha1 = "9fff8990361d5127b770e3454488360443019bb3"
@@ -681,12 +629,6 @@ git-tree-sha1 = "38c8874692d48d5440d5752d6c74b0c6b0b60739"
 uuid = "0234f1f7-429e-5d53-9886-15a909be8d59"
 version = "1.14.2+1"
 
-[[deps.HTTP]]
-deps = ["Base64", "CodecZlib", "ConcurrentUtilities", "Dates", "ExceptionUnwrapping", "Logging", "LoggingExtras", "MbedTLS", "NetworkOptions", "OpenSSL", "Random", "SimpleBufferStream", "Sockets", "URIs", "UUIDs"]
-git-tree-sha1 = "d1d712be3164d61d1fb98e7ce9bcbc6cc06b45ed"
-uuid = "cd3eb016-35fb-5094-929b-558a96fad6f3"
-version = "1.10.8"
-
 [[deps.HarfBuzz_jll]]
 deps = ["Artifacts", "Cairo_jll", "Fontconfig_jll", "FreeType2_jll", "Glib_jll", "Graphite2_jll", "JLLWrappers", "Libdl", "Libffi_jll", "Pkg"]
 git-tree-sha1 = "129acf094d168394e80ee1dc4bc06ec835e510a3"
@@ -851,16 +793,10 @@ uuid = "82899510-4779-5014-852e-03e436cf321d"
 version = "1.0.0"
 
 [[deps.JLD2]]
-deps = ["FileIO", "MacroTools", "Mmap", "OrderedCollections", "Pkg", "PrecompileTools", "Reexport", "Requires", "TranscodingStreams", "UUIDs", "Unicode"]
-git-tree-sha1 = "5fe858cb863e211c6dedc8cce2dc0752d4ab6e2b"
+deps = ["FileIO", "MacroTools", "Mmap", "OrderedCollections", "PrecompileTools", "Reexport", "Requires", "TranscodingStreams", "UUIDs", "Unicode"]
+git-tree-sha1 = "67d4690d32c22e28818a434b293a374cc78473d3"
 uuid = "033835bb-8acc-5ee8-8aae-3f567f8a3819"
-version = "0.4.50"
-
-[[deps.JLFzf]]
-deps = ["Pipe", "REPL", "Random", "fzf_jll"]
-git-tree-sha1 = "a53ebe394b71470c7f97c2e7e170d51df21b17af"
-uuid = "1019f520-868f-41f5-a6de-eb00f4b6a39c"
-version = "0.1.7"
+version = "0.4.51"
 
 [[deps.JLLWrappers]]
 deps = ["Artifacts", "Preferences"]
@@ -928,12 +864,6 @@ git-tree-sha1 = "170b660facf5df5de098d866564877e119141cbd"
 uuid = "c1c5ebd0-6772-5130-a774-d5fcae4a789d"
 version = "3.100.2+0"
 
-[[deps.LERC_jll]]
-deps = ["Artifacts", "JLLWrappers", "Libdl", "Pkg"]
-git-tree-sha1 = "bf36f528eec6634efc60d7ec062008f171071434"
-uuid = "88015f11-f218-50d7-93a8-a6af411a945d"
-version = "3.0.0+1"
-
 [[deps.LLVM]]
 deps = ["CEnum", "LLVMExtra_jll", "Libdl", "Preferences", "Printf", "Requires", "Unicode"]
 git-tree-sha1 = "020abd49586480c1be84f57da0017b5d3db73f7c"
@@ -981,20 +911,6 @@ git-tree-sha1 = "50901ebc375ed41dbf8058da26f9de442febbbec"
 uuid = "b964fa9f-0449-5b57-a5c2-d3ea65f4040f"
 version = "1.3.1"
 
-[[deps.Latexify]]
-deps = ["Format", "InteractiveUtils", "LaTeXStrings", "MacroTools", "Markdown", "OrderedCollections", "Requires"]
-git-tree-sha1 = "5b0d630f3020b82c0775a51d05895852f8506f50"
-uuid = "23fbe1c1-3f47-55db-b15f-69d7ec21a316"
-version = "0.16.4"
-
-    [deps.Latexify.extensions]
-    DataFramesExt = "DataFrames"
-    SymEngineExt = "SymEngine"
-
-    [deps.Latexify.weakdeps]
-    DataFrames = "a93c6f00-e57d-5684-b7b6-d8193f3e46c0"
-    SymEngine = "123dc426-2d89-5057-bbad-38513e3affd8"
-
 [[deps.LazyArtifacts]]
 deps = ["Artifacts", "Pkg"]
 uuid = "4af54fe1-eca0-43a8-85a7-787d91b784e3"
@@ -1043,12 +959,6 @@ git-tree-sha1 = "9fd170c4bbfd8b935fdc5f8b7aa33532c991a673"
 uuid = "d4300ac3-e22c-5743-9152-c294e39db1e4"
 version = "1.8.11+0"
 
-[[deps.Libglvnd_jll]]
-deps = ["Artifacts", "JLLWrappers", "Libdl", "Pkg", "Xorg_libX11_jll", "Xorg_libXext_jll"]
-git-tree-sha1 = "6f73d1dd803986947b2c750138528a999a6c7733"
-uuid = "7e76a0d4-f3c7-5321-8279-8d96eeed0f29"
-version = "1.6.0+0"
-
 [[deps.Libgpg_error_jll]]
 deps = ["Artifacts", "JLLWrappers", "Libdl"]
 git-tree-sha1 = "fbb1f2bef882392312feb1ede3615ddc1e9b99ed"
@@ -1067,12 +977,6 @@ git-tree-sha1 = "0c4f9c4f1a50d8f35048fa0532dabbadf702f81e"
 uuid = "4b2f31a3-9ecc-558c-b454-b3730dcb73e9"
 version = "2.40.1+0"
 
-[[deps.Libtiff_jll]]
-deps = ["Artifacts", "JLLWrappers", "JpegTurbo_jll", "LERC_jll", "Libdl", "XZ_jll", "Zlib_jll", "Zstd_jll"]
-git-tree-sha1 = "2da088d113af58221c52828a80378e16be7d037a"
-uuid = "89763e89-9b03-5906-acba-b20f662cd828"
-version = "4.5.1+1"
-
 [[deps.Libuuid_jll]]
 deps = ["Artifacts", "JLLWrappers", "Libdl"]
 git-tree-sha1 = "5ee6203157c120d79034c748a2acba45b82b8807"
@@ -1102,17 +1006,11 @@ version = "0.3.28"
 [[deps.Logging]]
 uuid = "56ddb016-857b-54e1-b83d-db4d58db5568"
 
-[[deps.LoggingExtras]]
-deps = ["Dates", "Logging"]
-git-tree-sha1 = "c1dd6d7978c12545b4179fb6153b9250c96b0075"
-uuid = "e6f89c97-d47a-5376-807f-9c37f3926c36"
-version = "1.0.3"
-
 [[deps.Lz4_jll]]
 deps = ["Artifacts", "JLLWrappers", "Libdl"]
-git-tree-sha1 = "6c26c5e8a4203d43b5497be3ec5d4e0c3cde240a"
+git-tree-sha1 = "7f26c8fc5229e68484e0b3447312c98e16207d11"
 uuid = "5ced341a-0733-55b8-9ab6-a4889d929147"
-version = "1.9.4+0"
+version = "1.10.0+0"
 
 [[deps.MKL_jll]]
 deps = ["Artifacts", "IntelOpenMP_jll", "JLLWrappers", "LazyArtifacts", "Libdl", "oneTBB_jll"]
@@ -1181,9 +1079,9 @@ uuid = "d6f4376e-aef5-505a-96c1-9c027394607a"
 
 [[deps.MathTeXEngine]]
 deps = ["AbstractTrees", "Automa", "DataStructures", "FreeTypeAbstraction", "GeometryBasics", "LaTeXStrings", "REPL", "RelocatableFolders", "UnicodeFun"]
-git-tree-sha1 = "1865d0b8a2d91477c8b16b49152a32764c7b1f5f"
+git-tree-sha1 = "e1641f32ae592e415e3dbae7f4a188b5316d4b62"
 uuid = "0a4f8689-d25c-4efe-a92b-7142dfc1aa53"
-version = "0.6.0"
+version = "0.6.1"
 
 [[deps.MbedTLS]]
 deps = ["Dates", "MbedTLS_jll", "MozillaCACerts_jll", "NetworkOptions", "Random", "Sockets"]
@@ -1196,11 +1094,6 @@ deps = ["Artifacts", "Libdl"]
 uuid = "c8ffd9c3-330d-5841-b78e-0817d7145fa1"
 version = "2.28.2+1"
 
-[[deps.Measures]]
-git-tree-sha1 = "c13304c81eec1ed3af7fc20e75fb6b26092a1102"
-uuid = "442fdcdd-2543-5da2-b0f3-8c86c306513e"
-version = "0.3.2"
-
 [[deps.MicrosoftMPI_jll]]
 deps = ["Artifacts", "JLLWrappers", "Libdl", "Pkg"]
 git-tree-sha1 = "f12a29c4400ba812841c6ace3f4efbb6dbb3ba01"
@@ -1295,6 +1188,12 @@ version = "0.91.4"
     [deps.Oceananigans.weakdeps]
     Enzyme = "7da242da-08ed-463a-9acd-ee780be4f1d9"
 
+[[deps.Oceanostics]]
+deps = ["DocStringExtensions", "Oceananigans", "Printf", "SeawaterPolynomials"]
+git-tree-sha1 = "14415188022173b53a29753d6727ea489520d302"
+uuid = "d0ccf422-c8fb-49b5-a76d-74acdde946ac"
+version = "0.14.2"
+
 [[deps.OffsetArrays]]
 git-tree-sha1 = "1a27764e945a152f7ca7efa04de513d473e9542e"
 uuid = "6fe1bfb0-de20-5000-8ca7-80f57d26f881"
@@ -1338,12 +1237,6 @@ git-tree-sha1 = "2f0a1d8c79bc385ec3fcda12830c9d0e72b30e71"
 uuid = "fe0851c0-eecd-5654-98d4-656369965a5c"
 version = "5.0.4+0"
 
-[[deps.OpenSSL]]
-deps = ["BitFlags", "Dates", "MozillaCACerts_jll", "OpenSSL_jll", "Sockets"]
-git-tree-sha1 = "38cb508d080d21dc1128f7fb04f20387ed4c0af4"
-uuid = "4d8831e6-92b7-49fb-bdf8-b643e874388c"
-version = "1.4.3"
-
 [[deps.OpenSSL_jll]]
 deps = ["Artifacts", "JLLWrappers", "Libdl"]
 git-tree-sha1 = "a028ee3cb5641cccc4c24e90c36b0a4f7707bdf5"
@@ -1442,11 +1335,6 @@ git-tree-sha1 = "bd69f3f0ee248cfb4241800aefb705b5ded592ff"
 uuid = "4a48f351-57a6-4416-9ec4-c37015456aae"
 version = "0.15.1"
 
-[[deps.Pipe]]
-git-tree-sha1 = "6842804e7867b115ca9de748a0cf6b364523c16d"
-uuid = "b98c9c47-44ae-5843-9183-064241ee97a0"
-version = "1.3.0"
-
 [[deps.Pixman_jll]]
 deps = ["Artifacts", "CompilerSupportLibraries_jll", "JLLWrappers", "LLVMOpenMP_jll", "Libdl"]
 git-tree-sha1 = "35621f10a7531bc8fa58f74610b1bfb70a3cfc6b"
@@ -1464,38 +1352,12 @@ git-tree-sha1 = "f9501cc0430a26bc3d156ae1b5b0c1b47af4d6da"
 uuid = "eebad327-c553-4316-9ea0-9fa01ccd7688"
 version = "0.3.3"
 
-[[deps.PlotThemes]]
-deps = ["PlotUtils", "Statistics"]
-git-tree-sha1 = "6e55c6841ce3411ccb3457ee52fc48cb698d6fb0"
-uuid = "ccf2f8ad-2431-5c83-bf29-c5338b663b6a"
-version = "3.2.0"
-
 [[deps.PlotUtils]]
 deps = ["ColorSchemes", "Colors", "Dates", "PrecompileTools", "Printf", "Random", "Reexport", "Statistics"]
 git-tree-sha1 = "7b1a9df27f072ac4c9c7cbe5efb198489258d1f5"
 uuid = "995b91a9-d308-5afd-9ec6-746e21dbc043"
 version = "1.4.1"
 
-[[deps.Plots]]
-deps = ["Base64", "Contour", "Dates", "Downloads", "FFMPEG", "FixedPointNumbers", "GR", "JLFzf", "JSON", "LaTeXStrings", "Latexify", "LinearAlgebra", "Measures", "NaNMath", "Pkg", "PlotThemes", "PlotUtils", "PrecompileTools", "Printf", "REPL", "Random", "RecipesBase", "RecipesPipeline", "Reexport", "RelocatableFolders", "Requires", "Scratch", "Showoff", "SparseArrays", "Statistics", "StatsBase", "TOML", "UUIDs", "UnicodeFun", "UnitfulLatexify", "Unzip"]
-git-tree-sha1 = "082f0c4b70c202c37784ce4bfbc33c9f437685bf"
-uuid = "91a5bcdd-55d7-5caf-9e0b-520d859cae80"
-version = "1.40.5"
-
-    [deps.Plots.extensions]
-    FileIOExt = "FileIO"
-    GeometryBasicsExt = "GeometryBasics"
-    IJuliaExt = "IJulia"
-    ImageInTerminalExt = "ImageInTerminal"
-    UnitfulExt = "Unitful"
-
-    [deps.Plots.weakdeps]
-    FileIO = "5789e2e9-d7fb-5bc7-8068-2c6fae9b9549"
-    GeometryBasics = "5c1252a2-5f33-56bf-86c9-59e7332b4326"
-    IJulia = "7073ff75-c697-5162-941a-fcdaad2a7d2a"
-    ImageInTerminal = "d8c32880-2388-543b-8c61-d9f865259254"
-    Unitful = "1986cc42-f94f-5a68-af5c-568840ba703d"
-
 [[deps.PolygonOps]]
 git-tree-sha1 = "77b3d3605fc1cd0b42d95eba87dfcd2bf67d5ff6"
 uuid = "647866c9-e3ac-4575-94e7-e3d426903924"
@@ -1552,35 +1414,11 @@ git-tree-sha1 = "18e8f4d1426e965c7b532ddd260599e1510d26ce"
 uuid = "4b34888f-f399-49d4-9bb3-47ed5cae4e65"
 version = "1.0.0"
 
-[[deps.Qt6Base_jll]]
-deps = ["Artifacts", "CompilerSupportLibraries_jll", "Fontconfig_jll", "Glib_jll", "JLLWrappers", "Libdl", "Libglvnd_jll", "OpenSSL_jll", "Vulkan_Loader_jll", "Xorg_libSM_jll", "Xorg_libXext_jll", "Xorg_libXrender_jll", "Xorg_libxcb_jll", "Xorg_xcb_util_cursor_jll", "Xorg_xcb_util_image_jll", "Xorg_xcb_util_keysyms_jll", "Xorg_xcb_util_renderutil_jll", "Xorg_xcb_util_wm_jll", "Zlib_jll", "libinput_jll", "xkbcommon_jll"]
-git-tree-sha1 = "492601870742dcd38f233b23c3ec629628c1d724"
-uuid = "c0090381-4147-56d7-9ebc-da0b1113ec56"
-version = "6.7.1+1"
-
-[[deps.Qt6Declarative_jll]]
-deps = ["Artifacts", "JLLWrappers", "Libdl", "Qt6Base_jll", "Qt6ShaderTools_jll"]
-git-tree-sha1 = "e5dd466bf2569fe08c91a2cc29c1003f4797ac3b"
-uuid = "629bc702-f1f5-5709-abd5-49b8460ea067"
-version = "6.7.1+2"
-
-[[deps.Qt6ShaderTools_jll]]
-deps = ["Artifacts", "JLLWrappers", "Libdl", "Qt6Base_jll"]
-git-tree-sha1 = "1a180aeced866700d4bebc3120ea1451201f16bc"
-uuid = "ce943373-25bb-56aa-8eca-768745ed7b5a"
-version = "6.7.1+1"
-
-[[deps.Qt6Wayland_jll]]
-deps = ["Artifacts", "JLLWrappers", "Libdl", "Qt6Base_jll", "Qt6Declarative_jll"]
-git-tree-sha1 = "729927532d48cf79f49070341e1d918a65aba6b0"
-uuid = "e99dba38-086e-5de3-a5b1-6e4c66e897c3"
-version = "6.7.1+1"
-
 [[deps.QuadGK]]
 deps = ["DataStructures", "LinearAlgebra"]
-git-tree-sha1 = "9b23c31e76e333e6fb4c1595ae6afa74966a729e"
+git-tree-sha1 = "e237232771fdafbae3db5c31275303e056afaa9f"
 uuid = "1fd47b50-473d-5c70-9696-f719f8f3bcdc"
-version = "2.9.4"
+version = "2.10.1"
 
 [[deps.Quaternions]]
 deps = ["LinearAlgebra", "Random", "RealDot"]
@@ -1635,12 +1473,6 @@ git-tree-sha1 = "5c3d09cc4f31f5fc6af001c250bf1278733100ff"
 uuid = "3cdcf5f2-1ef4-517c-9805-6587b60abb01"
 version = "1.3.4"
 
-[[deps.RecipesPipeline]]
-deps = ["Dates", "NaNMath", "PlotUtils", "PrecompileTools", "RecipesBase"]
-git-tree-sha1 = "45cf9fd0ca5839d06ef333c8201714e888486342"
-uuid = "01d81517-befc-4cb6-b9ec-a95719d0359c"
-version = "0.6.12"
-
 [[deps.Reexport]]
 git-tree-sha1 = "45e428421666073eab6f2da5c9d310d99bb12f9b"
 uuid = "189a3867-3050-52da-a836-e630ba90ab69"
@@ -1742,11 +1574,6 @@ git-tree-sha1 = "d263a08ec505853a5ff1c1ebde2070419e3f28e9"
 uuid = "73760f76-fbc4-59ce-8f25-708e95d2df96"
 version = "0.4.0"
 
-[[deps.SimpleBufferStream]]
-git-tree-sha1 = "874e8867b33a00e784c8a7e4b60afe9e037b74e1"
-uuid = "777ac1f9-54b0-4bf8-805c-2214025038e7"
-version = "1.1.0"
-
 [[deps.SimpleTraits]]
 deps = ["InteractiveUtils", "MacroTools"]
 git-tree-sha1 = "5d7e3f4e11935503d3ecaf7186eac40602e7d231"
@@ -1987,11 +1814,6 @@ git-tree-sha1 = "41d61b1c545b06279871ef1a4b5fcb2cac2191cd"
 uuid = "9d95972d-f1c8-5527-a6e0-b4b365fa01f6"
 version = "1.5.0"
 
-[[deps.URIs]]
-git-tree-sha1 = "67db6cc7b3821e19ebe75791a9dd19c9b1188f2b"
-uuid = "5c2747f8-b7ea-4ff2-ba2e-563bfd36b1d4"
-version = "1.5.1"
-
 [[deps.UUIDs]]
 deps = ["Random", "SHA"]
 uuid = "cf7118a7-6976-5b1a-9a39-7adc72f591a4"
@@ -2019,12 +1841,6 @@ version = "1.21.0"
     ConstructionBase = "187b0558-2788-49d3-abe0-74a17ed4e7c9"
     InverseFunctions = "3587e190-3f89-42d0-90ee-14403ec27112"
 
-[[deps.UnitfulLatexify]]
-deps = ["LaTeXStrings", "Latexify", "Unitful"]
-git-tree-sha1 = "975c354fcd5f7e1ddcc1f1a23e6e091d99e99bc8"
-uuid = "45397f5d-5981-4c77-b2b3-fc36d6e9b728"
-version = "1.6.4"
-
 [[deps.UnsafeAtomics]]
 git-tree-sha1 = "6331ac3440856ea1988316b46045303bef658278"
 uuid = "013be700-e6cd-48c3-b4a1-df204f14c38f"
@@ -2036,34 +1852,11 @@ git-tree-sha1 = "bf2c553f25e954a9b38c9c0593a59bb13113f9e5"
 uuid = "d80eeb9a-aca5-4d75-85e5-170c8b632249"
 version = "0.1.5"
 
-[[deps.Unzip]]
-git-tree-sha1 = "ca0969166a028236229f63514992fc073799bb78"
-uuid = "41fe7b60-77ed-43a1-b4f0-825fd5a5650d"
-version = "0.2.0"
-
 [[deps.VersionParsing]]
 git-tree-sha1 = "58d6e80b4ee071f5efd07fda82cb9fbe17200868"
 uuid = "81def892-9a0e-5fdd-b105-ffc91e053289"
 version = "1.3.0"
 
-[[deps.Vulkan_Loader_jll]]
-deps = ["Artifacts", "JLLWrappers", "Libdl", "Wayland_jll", "Xorg_libX11_jll", "Xorg_libXrandr_jll", "xkbcommon_jll"]
-git-tree-sha1 = "2f0486047a07670caad3a81a075d2e518acc5c59"
-uuid = "a44049a8-05dd-5a78-86c9-5fde0876e88c"
-version = "1.3.243+0"
-
-[[deps.Wayland_jll]]
-deps = ["Artifacts", "EpollShim_jll", "Expat_jll", "JLLWrappers", "Libdl", "Libffi_jll", "Pkg", "XML2_jll"]
-git-tree-sha1 = "7558e29847e99bc3f04d6569e82d0f5c54460703"
-uuid = "a2964d1f-97da-50d4-b82a-358c7fce9d89"
-version = "1.21.0+1"
-
-[[deps.Wayland_protocols_jll]]
-deps = ["Artifacts", "JLLWrappers", "Libdl", "Pkg"]
-git-tree-sha1 = "93f43ab61b16ddfb2fd3bb13b3ce241cafb0e6c9"
-uuid = "2381bf8a-dfd0-557d-9999-79630e7b1b91"
-version = "1.31.0+0"
-
 [[deps.WoodburyMatrices]]
 deps = ["LinearAlgebra", "SparseArrays"]
 git-tree-sha1 = "c1a7aa6219628fcd757dede0ca95e245c5cd9511"
@@ -2088,18 +1881,6 @@ git-tree-sha1 = "ac88fb95ae6447c8dda6a5503f3bafd496ae8632"
 uuid = "ffd25f8a-64ca-5728-b0f7-c24cf3aae800"
 version = "5.4.6+0"
 
-[[deps.Xorg_libICE_jll]]
-deps = ["Artifacts", "JLLWrappers", "Libdl"]
-git-tree-sha1 = "326b4fea307b0b39892b3e85fa451692eda8d46c"
-uuid = "f67eecfb-183a-506d-b269-f58e52b52d7c"
-version = "1.1.1+0"
-
-[[deps.Xorg_libSM_jll]]
-deps = ["Artifacts", "JLLWrappers", "Libdl", "Xorg_libICE_jll"]
-git-tree-sha1 = "3796722887072218eabafb494a13c963209754ce"
-uuid = "c834827a-8449-5923-a945-d239c165b7dd"
-version = "1.2.4+0"
-
 [[deps.Xorg_libX11_jll]]
 deps = ["Artifacts", "JLLWrappers", "Libdl", "Xorg_libxcb_jll", "Xorg_xtrans_jll"]
 git-tree-sha1 = "afead5aba5aa507ad5a3bf01f58f82c8d1403495"
@@ -2112,12 +1893,6 @@ git-tree-sha1 = "6035850dcc70518ca32f012e46015b9beeda49d8"
 uuid = "0c0b7dd1-d40b-584c-a123-a41640f87eec"
 version = "1.0.11+0"
 
-[[deps.Xorg_libXcursor_jll]]
-deps = ["Artifacts", "JLLWrappers", "Libdl", "Pkg", "Xorg_libXfixes_jll", "Xorg_libXrender_jll"]
-git-tree-sha1 = "12e0eb3bc634fa2080c1c37fccf56f7c22989afd"
-uuid = "935fb764-8cf2-53bf-bb30-45bb1f8bf724"
-version = "1.2.0+4"
-
 [[deps.Xorg_libXdmcp_jll]]
 deps = ["Artifacts", "JLLWrappers", "Libdl"]
 git-tree-sha1 = "34d526d318358a859d7de23da945578e8e8727b7"
@@ -2130,30 +1905,6 @@ git-tree-sha1 = "d2d1a5c49fae4ba39983f63de6afcbea47194e85"
 uuid = "1082639a-0dae-5f34-9b06-72781eeb8cb3"
 version = "1.3.6+0"
 
-[[deps.Xorg_libXfixes_jll]]
-deps = ["Artifacts", "JLLWrappers", "Libdl", "Pkg", "Xorg_libX11_jll"]
-git-tree-sha1 = "0e0dc7431e7a0587559f9294aeec269471c991a4"
-uuid = "d091e8ba-531a-589c-9de9-94069b037ed8"
-version = "5.0.3+4"
-
-[[deps.Xorg_libXi_jll]]
-deps = ["Artifacts", "JLLWrappers", "Libdl", "Pkg", "Xorg_libXext_jll", "Xorg_libXfixes_jll"]
-git-tree-sha1 = "89b52bc2160aadc84d707093930ef0bffa641246"
-uuid = "a51aa0fd-4e3c-5386-b890-e753decda492"
-version = "1.7.10+4"
-
-[[deps.Xorg_libXinerama_jll]]
-deps = ["Artifacts", "JLLWrappers", "Libdl", "Pkg", "Xorg_libXext_jll"]
-git-tree-sha1 = "26be8b1c342929259317d8b9f7b53bf2bb73b123"
-uuid = "d1454406-59df-5ea1-beac-c340f2130bc3"
-version = "1.1.4+4"
-
-[[deps.Xorg_libXrandr_jll]]
-deps = ["Artifacts", "JLLWrappers", "Libdl", "Pkg", "Xorg_libXext_jll", "Xorg_libXrender_jll"]
-git-tree-sha1 = "34cea83cb726fb58f325887bf0612c6b3fb17631"
-uuid = "ec84b674-ba8e-5d96-8ba1-2a689ba10484"
-version = "1.5.2+4"
-
 [[deps.Xorg_libXrender_jll]]
 deps = ["Artifacts", "JLLWrappers", "Libdl", "Xorg_libX11_jll"]
 git-tree-sha1 = "47e45cd78224c53109495b3e324df0c37bb61fbe"
@@ -2172,60 +1923,6 @@ git-tree-sha1 = "bcd466676fef0878338c61e655629fa7bbc69d8e"
 uuid = "c7cfdc94-dc32-55de-ac96-5a1b8d977c5b"
 version = "1.17.0+0"
 
-[[deps.Xorg_libxkbfile_jll]]
-deps = ["Artifacts", "JLLWrappers", "Libdl", "Xorg_libX11_jll"]
-git-tree-sha1 = "730eeca102434283c50ccf7d1ecdadf521a765a4"
-uuid = "cc61e674-0454-545c-8b26-ed2c68acab7a"
-version = "1.1.2+0"
-
-[[deps.Xorg_xcb_util_cursor_jll]]
-deps = ["Artifacts", "JLLWrappers", "Libdl", "Xorg_xcb_util_image_jll", "Xorg_xcb_util_jll", "Xorg_xcb_util_renderutil_jll"]
-git-tree-sha1 = "04341cb870f29dcd5e39055f895c39d016e18ccd"
-uuid = "e920d4aa-a673-5f3a-b3d7-f755a4d47c43"
-version = "0.1.4+0"
-
-[[deps.Xorg_xcb_util_image_jll]]
-deps = ["Artifacts", "JLLWrappers", "Libdl", "Pkg", "Xorg_xcb_util_jll"]
-git-tree-sha1 = "0fab0a40349ba1cba2c1da699243396ff8e94b97"
-uuid = "12413925-8142-5f55-bb0e-6d7ca50bb09b"
-version = "0.4.0+1"
-
-[[deps.Xorg_xcb_util_jll]]
-deps = ["Artifacts", "JLLWrappers", "Libdl", "Pkg", "Xorg_libxcb_jll"]
-git-tree-sha1 = "e7fd7b2881fa2eaa72717420894d3938177862d1"
-uuid = "2def613f-5ad1-5310-b15b-b15d46f528f5"
-version = "0.4.0+1"
-
-[[deps.Xorg_xcb_util_keysyms_jll]]
-deps = ["Artifacts", "JLLWrappers", "Libdl", "Pkg", "Xorg_xcb_util_jll"]
-git-tree-sha1 = "d1151e2c45a544f32441a567d1690e701ec89b00"
-uuid = "975044d2-76e6-5fbe-bf08-97ce7c6574c7"
-version = "0.4.0+1"
-
-[[deps.Xorg_xcb_util_renderutil_jll]]
-deps = ["Artifacts", "JLLWrappers", "Libdl", "Pkg", "Xorg_xcb_util_jll"]
-git-tree-sha1 = "dfd7a8f38d4613b6a575253b3174dd991ca6183e"
-uuid = "0d47668e-0667-5a69-a72c-f761630bfb7e"
-version = "0.3.9+1"
-
-[[deps.Xorg_xcb_util_wm_jll]]
-deps = ["Artifacts", "JLLWrappers", "Libdl", "Pkg", "Xorg_xcb_util_jll"]
-git-tree-sha1 = "e78d10aab01a4a154142c5006ed44fd9e8e31b67"
-uuid = "c22f9ab0-d5fe-5066-847c-f4bb1cd4e361"
-version = "0.4.1+1"
-
-[[deps.Xorg_xkbcomp_jll]]
-deps = ["Artifacts", "JLLWrappers", "Libdl", "Xorg_libxkbfile_jll"]
-git-tree-sha1 = "330f955bc41bb8f5270a369c473fc4a5a4e4d3cb"
-uuid = "35661453-b289-5fab-8a00-3d9160c6a3a4"
-version = "1.4.6+0"
-
-[[deps.Xorg_xkeyboard_config_jll]]
-deps = ["Artifacts", "JLLWrappers", "Libdl", "Xorg_xkbcomp_jll"]
-git-tree-sha1 = "691634e5453ad362044e2ad653e79f3ee3bb98c3"
-uuid = "33bec58e-1273-512f-9401-5d533626f822"
-version = "2.39.0+0"
-
 [[deps.Xorg_xtrans_jll]]
 deps = ["Artifacts", "JLLWrappers", "Libdl"]
 git-tree-sha1 = "e92a1a012a10506618f10b7047e478403a046c77"
@@ -2255,24 +1952,6 @@ git-tree-sha1 = "e678132f07ddb5bfa46857f0d7620fb9be675d3b"
 uuid = "3161d3a3-bdf6-5164-811a-617609db77b4"
 version = "1.5.6+0"
 
-[[deps.eudev_jll]]
-deps = ["Artifacts", "JLLWrappers", "Libdl", "Pkg", "gperf_jll"]
-git-tree-sha1 = "431b678a28ebb559d224c0b6b6d01afce87c51ba"
-uuid = "35ca27e7-8b34-5b7f-bca9-bdc33f59eb06"
-version = "3.2.9+0"
-
-[[deps.fzf_jll]]
-deps = ["Artifacts", "JLLWrappers", "Libdl"]
-git-tree-sha1 = "a68c9655fbe6dfcab3d972808f1aafec151ce3f8"
-uuid = "214eeab7-80f7-51ab-84ad-2988db7cef09"
-version = "0.43.0+0"
-
-[[deps.gperf_jll]]
-deps = ["Artifacts", "JLLWrappers", "Libdl", "Pkg"]
-git-tree-sha1 = "3516a5630f741c9eecb3720b1ec9d8edc3ecc033"
-uuid = "1a1c6b14-54f6-533d-8383-74cd7377aa70"
-version = "3.1.1+0"
-
 [[deps.isoband_jll]]
 deps = ["Artifacts", "JLLWrappers", "Libdl", "Pkg"]
 git-tree-sha1 = "51b5eeb3f98367157a7a12a1fb0aa5328946c03c"
@@ -2302,24 +1981,12 @@ deps = ["Artifacts", "Libdl"]
 uuid = "8e850b90-86db-534c-a0d3-1478176c7d93"
 version = "5.8.0+1"
 
-[[deps.libevdev_jll]]
-deps = ["Artifacts", "JLLWrappers", "Libdl", "Pkg"]
-git-tree-sha1 = "141fe65dc3efabb0b1d5ba74e91f6ad26f84cc22"
-uuid = "2db6ffa8-e38f-5e21-84af-90c45d0032cc"
-version = "1.11.0+0"
-
 [[deps.libfdk_aac_jll]]
 deps = ["Artifacts", "JLLWrappers", "Libdl", "Pkg"]
 git-tree-sha1 = "daacc84a041563f965be61859a36e17c4e4fcd55"
 uuid = "f638f0a6-7fb0-5443-88ba-1cc74229b280"
 version = "2.0.2+0"
 
-[[deps.libinput_jll]]
-deps = ["Artifacts", "JLLWrappers", "Libdl", "Pkg", "eudev_jll", "libevdev_jll", "mtdev_jll"]
-git-tree-sha1 = "ad50e5b90f222cfe78aa3d5183a20a12de1322ce"
-uuid = "36db933b-70db-51c0-b978-0f229ee0e533"
-version = "1.18.0+0"
-
 [[deps.libpng_jll]]
 deps = ["Artifacts", "JLLWrappers", "Libdl", "Zlib_jll"]
 git-tree-sha1 = "d7015d2e18a5fd9a4f47de711837e980519781a4"
@@ -2340,9 +2007,9 @@ version = "1.0.20+0"
 
 [[deps.libvorbis_jll]]
 deps = ["Artifacts", "JLLWrappers", "Libdl", "Ogg_jll", "Pkg"]
-git-tree-sha1 = "b910cb81ef3fe6e78bf6acee440bda86fd6ae00c"
+git-tree-sha1 = "490376214c4721cdaca654041f635213c6165cb3"
 uuid = "f27f6e37-5d2b-51aa-960f-b287f2bc3b7a"
-version = "1.3.7+1"
+version = "1.3.7+2"
 
 [[deps.libzip_jll]]
 deps = ["Artifacts", "Bzip2_jll", "GnuTLS_jll", "JLLWrappers", "Libdl", "XZ_jll", "Zlib_jll", "Zstd_jll"]
@@ -2350,12 +2017,6 @@ git-tree-sha1 = "3282b7d16ae7ac3e57ec2f3fa8fafb564d8f9f7f"
 uuid = "337d8026-41b4-5cde-a456-74a10e5b31d1"
 version = "1.10.1+0"
 
-[[deps.mtdev_jll]]
-deps = ["Artifacts", "JLLWrappers", "Libdl", "Pkg"]
-git-tree-sha1 = "814e154bdb7be91d78b6802843f76b6ece642f11"
-uuid = "009596ad-96f7-51b1-9f1b-5ce2d5e8a71e"
-version = "1.1.6+0"
-
 [[deps.nghttp2_jll]]
 deps = ["Artifacts", "Libdl"]
 uuid = "8e850ede-7688-5339-a07c-302acd2aaf8d"
@@ -2383,9 +2044,3 @@ deps = ["Artifacts", "JLLWrappers", "Libdl", "Pkg"]
 git-tree-sha1 = "ee567a171cce03570d77ad3a43e90218e38937a9"
 uuid = "dfaa095f-4041-5dcd-9319-2fabd8486b76"
 version = "3.5.0+0"
-
-[[deps.xkbcommon_jll]]
-deps = ["Artifacts", "JLLWrappers", "Libdl", "Pkg", "Wayland_jll", "Wayland_protocols_jll", "Xorg_libxcb_jll", "Xorg_xkeyboard_config_jll"]
-git-tree-sha1 = "9c304562909ab2bab0262639bd4f444d7bc2be37"
-uuid = "d8fb68d0-12a3-5cfd-a85a-d49703b185fd"
-version = "1.4.1+1"
