ERROR: LoadError: DimensionMismatch: arrays could not be broadcast to a common size; got a dimension with lengths 120 and 119
Stacktrace:
  [1] _bcs1
    @ ./broadcast.jl:555 [inlined]
  [2] _bcs (repeats 2 times)
    @ ./broadcast.jl:549 [inlined]
  [3] _bcs(shape::Tuple{Base.OneTo{Int64}, Base.OneTo{Int64}, Base.OneTo{Int64}}, newshape::Tuple{Base.OneTo{Int64}, Base.OneTo{Int64}, Base.OneTo{Int64}})
    @ Base.Broadcast ./broadcast.jl:549
  [4] broadcast_shape
    @ ./broadcast.jl:543 [inlined]
  [5] combine_axes
    @ ./broadcast.jl:524 [inlined]
  [6] instantiate
    @ ./broadcast.jl:306 [inlined]
  [7] materialize(bc::Base.Broadcast.Broadcasted{Oceananigans.Fields.FieldBroadcastStyle, Nothing, typeof(*), Tuple{Field{Center, Center, Face, Nothing, ImmersedBoundaryGrid{Float64, Bounded, Flat, Bounded, RectilinearGrid{Float64, Bounded, Flat, Bounded, Float64, Float64, Float64, OffsetArrays.OffsetVector{Float64, StepRangeLen{Float64, Base.TwicePrecision{Float64}, Base.TwicePrecision{Float64}, Int64}}, StepRangeLen{Float64, Base.TwicePrecision{Float64}, Base.TwicePrecision{Float64}, Int64}, OffsetArrays.OffsetVector{Float64, StepRangeLen{Float64, Base.TwicePrecision{Float64}, Base.TwicePrecision{Float64}, Int64}}, GPU}, GridFittedBottom{Field{Center, Center, Nothing, Nothing, RectilinearGrid{Float64, Bounded, Flat, Bounded, Float64, Float64, Float64, OffsetArrays.OffsetVector{Float64, StepRangeLen{Float64, Base.TwicePrecision{Float64}, Base.TwicePrecision{Float64}, Int64}}, StepRangeLen{Float64, Base.TwicePrecision{Float64}, Base.TwicePrecision{Float64}, Int64}, OffsetArrays.OffsetVector{Float64, StepRangeLen{Float64, Base.TwicePrecision{Float64}, Base.TwicePrecision{Float64}, Int64}}, GPU}, Tuple{Colon, Colon, Colon}, OffsetArrays.OffsetArray{Float64, 3, CUDA.CuArray{Float64, 3, CUDA.DeviceMemory}}, Float64, FieldBoundaryConditions{BoundaryCondition{Oceananigans.BoundaryConditions.Flux, Nothing}, BoundaryCondition{Oceananigans.BoundaryConditions.Flux, Nothing}, Nothing, Nothing, Nothing, Nothing, BoundaryCondition{Oceananigans.BoundaryConditions.Flux, Nothing}}, Nothing, Oceananigans.Fields.FieldBoundaryBuffers{Nothing, Nothing, Nothing, Nothing, Nothing, Nothing, Nothing, Nothing}}, Oceananigans.ImmersedBoundaries.CenterImmersedCondition}, Nothing, Nothing, GPU}, Tuple{Colon, Colon, Colon}, OffsetArrays.OffsetArray{Float64, 3, CUDA.CuArray{Float64, 3, CUDA.DeviceMemory}}, Float64, FieldBoundaryConditions{BoundaryCondition{Oceananigans.BoundaryConditions.Flux, Nothing}, BoundaryCondition{Oceananigans.BoundaryConditions.Flux, Nothing}, Nothing, Nothing, BoundaryCondition{Oceananigans.BoundaryConditions.Open, Nothing}, BoundaryCondition{Oceananigans.BoundaryConditions.Open, Nothing}, BoundaryCondition{Oceananigans.BoundaryConditions.Flux, Nothing}}, Nothing, Oceananigans.Fields.FieldBoundaryBuffers{Nothing, Nothing, Nothing, Nothing, Nothing, Nothing, Nothing, Nothing}}, Field{Center, Center, Center, Nothing, ImmersedBoundaryGrid{Float64, Bounded, Flat, Bounded, RectilinearGrid{Float64, Bounded, Flat, Bounded, Float64, Float64, Float64, OffsetArrays.OffsetVector{Float64, StepRangeLen{Float64, Base.TwicePrecision{Float64}, Base.TwicePrecision{Float64}, Int64}}, StepRangeLen{Float64, Base.TwicePrecision{Float64}, Base.TwicePrecision{Float64}, Int64}, OffsetArrays.OffsetVector{Float64, StepRangeLen{Float64, Base.TwicePrecision{Float64}, Base.TwicePrecision{Float64}, Int64}}, GPU}, GridFittedBottom{Field{Center, Center, Nothing, Nothing, RectilinearGrid{Float64, Bounded, Flat, Bounded, Float64, Float64, Float64, OffsetArrays.OffsetVector{Float64, StepRangeLen{Float64, Base.TwicePrecision{Float64}, Base.TwicePrecision{Float64}, Int64}}, StepRangeLen{Float64, Base.TwicePrecision{Float64}, Base.TwicePrecision{Float64}, Int64}, OffsetArrays.OffsetVector{Float64, StepRangeLen{Float64, Base.TwicePrecision{Float64}, Base.TwicePrecision{Float64}, Int64}}, GPU}, Tuple{Colon, Colon, Colon}, OffsetArrays.OffsetArray{Float64, 3, CUDA.CuArray{Float64, 3, CUDA.DeviceMemory}}, Float64, FieldBoundaryConditions{BoundaryCondition{Oceananigans.BoundaryConditions.Flux, Nothing}, BoundaryCondition{Oceananigans.BoundaryConditions.Flux, Nothing}, Nothing, Nothing, Nothing, Nothing, BoundaryCondition{Oceananigans.BoundaryConditions.Flux, Nothing}}, Nothing, Oceananigans.Fields.FieldBoundaryBuffers{Nothing, Nothing, Nothing, Nothing, Nothing, Nothing, Nothing, Nothing}}, Oceananigans.ImmersedBoundaries.CenterImmersedCondition}, Nothing, Nothing, GPU}, Tuple{Colon, Colon, Colon}, OffsetArrays.OffsetArray{Float64, 3, CUDA.CuArray{Float64, 3, CUDA.DeviceMemory}}, Float64, FieldBoundaryConditions{BoundaryCondition{Oceananigans.BoundaryConditions.Flux, Nothing}, BoundaryCondition{Oceananigans.BoundaryConditions.Flux, Nothing}, Nothing, Nothing, BoundaryCondition{Oceananigans.BoundaryConditions.Flux, Nothing}, BoundaryCondition{Oceananigans.BoundaryConditions.Value, Oceananigans.BoundaryConditions.ContinuousBoundaryFunction{Center, Center, Nothing, Oceananigans.BoundaryConditions.RightBoundary, TopographicHorizontalConvection.var"#bˢ_flat#7", @NamedTuple{b★::Float64, Lx::Float64}, Tuple{}, Tuple{}, Tuple{}}}, BoundaryCondition{Oceananigans.BoundaryConditions.Flux, Nothing}}, Nothing, Oceananigans.Fields.FieldBoundaryBuffers{Nothing, Nothing, Nothing, Nothing, Nothing, Nothing, Nothing, Nothing}}}})
    @ Base.Broadcast ./broadcast.jl:903
  [8] macro expansion
    @ ~/.julia/packages/Oceananigans/thcPW/src/AbstractOperations/at.jl:48 [inlined]
  [9] HorizontalConvectionSimulation(; Ra::Float64, h₀_frac::Float64, Nx::Int64, Ny::Int64, Nz::Int64, b_init::Float64, output_writer::Bool, advection::Bool, architecture::GPU)
    @ TopographicHorizontalConvection /dfs6/pub/ikeshwan/code/HorizontalConvection/src/simulation.jl:207
 [10] top-level scope
    @ /dfs6/pub/ikeshwan/code/HorizontalConvection/scripts/run_thc.jl:7
in expression starting at /dfs6/pub/ikeshwan/code/HorizontalConvection/scripts/run_thc.jl:7
